// Jest Snapshot v1, https://goo.gl/fbAQLP

exports[`renders learn react link 1`] = `
<div
  class="container"
>
  <h1>
    MASTERMIND
  </h1>
  <div
    class="UserColor"
  >
    <button
      class="Pin Pin--red"
    />
    <button
      class="Pin Pin--red"
    />
    <button
      class="Pin Pin--red"
    />
    <button
      class="Pin Pin--red"
    />
    <button
      class="CheckButton"
    >
      Check
    </button>
  </div>
</div>
`;
