// Jest Snapshot v1, https://goo.gl/fbAQLP

exports[`renders learn react link 1`] = `
<div>
  <h1>
    MASTERMIND
  </h1>
  <div>
    <button
      class="Pin Pin--red"
    />
    <button
      class="Pin Pin--red"
    />
    <button
      class="Pin Pin--red"
    />
    <button
      class="Pin Pin--red"
    />
    <button>
      Check
    </button>
  </div>
</div>
`;
